[2026-10-06 04:06:49,655] DESKTOP-O4B7HPU/INFO/locust.main: Starting Locust 2.46.6
[2026-10-06 04:06:49,656] DESKTOP-O4B7HPU/INFO/locust.main: No run time limit set, use CTRL+C to interrupt
[2026-10-06 04:06:49,666] DESKTOP-O4B7HPU/INFO/locust.runners: Ramping to 100 users at a rate of 20.00 per second
[2026-10-06 04:06:53,672] DESKTOP-O4B7HPU/INFO/locust.runners: All users spawned: {"TicketBuyer": 100} (100 total users)
[2026-10-06 04:08:55,211] DESKTOP-O4B7HPU/INFO/locust.main: Shutting down (exit code 0)
Type     Name                                                                          # reqs      # fails |    Avg     Min     Max    Med |   req/s  failures/s
--------|----------------------------------------------------------------------------|-------|-------------|-------|-------|-------|-------|--------|-----------
POST     /auth/login                                                                      100     0(0.00%) |    487     333     735    450 |    0.80        0.00
GET      /concerts                                                                       1041     0(0.00%) |      9       1     153      6 |    8.31        0.00
GET      /concerts/{id}                                                                   976     0(0.00%) |      8       1     424      6 |    7.79        0.00
GET      /concerts/{id}/ticket-types                                                      156     0(0.00%) |     22       2     179     17 |    1.25        0.00
GET      /concerts?on_sale=true                                                           956     0(0.00%) |      7       1     241      5 |    7.63        0.00
POST     /orders                                                                          125     0(0.00%) |     59       5     415     29 |    1.00        0.00
GET      /orders/me                                                                      6688     0(0.00%) |      9       2     377      7 |   53.39        0.00
DELETE   /orders/{id}                                                                      10     0(0.00%) |     13       6      21     12 |    0.08        0.00
--------|----------------------------------------------------------------------------|-------|-------------|-------|-------|-------|-------|--------|-----------
         Aggregated                                                                     10052     0(0.00%) |     14       1     735      7 |   80.24        0.00

Response time percentiles (approximated)
Type     Name                                                                                  50%    66%    75%    80%    90%    95%    98%    99%  99.9% 99.99%   100% # reqs
--------|--------------------------------------------------------------------------------|--------|------|------|------|------|------|------|------|------|------|------|------
POST     /auth/login                                                                           450    520    600    620    650    670    730    740    740    740    740    100
GET      /concerts                                                                               6      7      8      8     15     30     50     76    130    150    150   1041
GET      /concerts/{id}                                                                          6      7      7      8     11     17     24     36    420    420    420    976
GET      /concerts/{id}/ticket-types                                                            17     28     35     36     44     55     60    130    180    180    180    156
GET      /concerts?on_sale=true                                                                  5      7      8      8     10     19     23     33    240    240    240    956
POST     /orders                                                                                29     48     66     85    140    300    350    360    420    420    420    125
GET      /orders/me                                                                              7      8      9     10     13     20     27     38    320    380    380   6688
DELETE   /orders/{id}                                                                           12     15     18     19     21     21     21     21     21     21     21     10
--------|--------------------------------------------------------------------------------|--------|------|------|------|------|------|------|------|------|------|------|------
         Aggregated                                                                              7      8      9     10     15     25     60    350    650    730    740  10052

